<?xml version="1.0" encoding="UTF-8"?>
<testsuites>
	<testsuite tests="0" failures="0" time="0.000s" name="github.com/gotestyourself/gotestyourself/testjson/internal/badmain">
		<properties>
			<property name="go.version" value="go7.7.7"></property>
		</properties>
		<testcase classname="." name="TestMain" time="0.000s">
			<failure message="Failed" type="">sometimes main can exit 2&#xA;FAIL&#x9;github.com/gotestyourself/gotestyourself/testjson/internal/badmain&#x9;0.010s&#xA;</failure>
		</testcase>
	</testsuite>
	<testsuite tests="18" failures="0" time="0.020s" name="github.com/gotestyourself/gotestyourself/testjson/internal/good">
		<properties>
			<property name="go.version" value="go7.7.7"></property>
		</properties>
		<testcase classname="good" name="TestSkipped" time="0.000s">
			<skipped message="=== RUN   TestSkipped&#xA;--- SKIP: TestSkipped (0.00s)&#xA;&#x9;good_test.go:23: &#xA;"></skipped>
		</testcase>
		<testcase classname="good" name="TestSkippedWitLog" time="0.000s">
			<skipped message="=== RUN   TestSkippedWitLog&#xA;--- SKIP: TestSkippedWitLog (0.00s)&#xA;&#x9;good_test.go:27: the skip message&#xA;"></skipped>
		</testcase>
		<testcase classname="good" name="TestPassed" time="0.000s"></testcase>
		<testcase classname="good" name="TestPassedWithLog" time="0.000s"></testcase>
		<testcase classname="good" name="TestPassedWithStdout" time="0.000s"></testcase>
		<testcase classname="good" name="TestWithStderr" time="0.000s"></testcase>
		<testcase classname="good" name="TestNestedSuccess/a/sub" time="0.000s"></testcase>
		<testcase classname="good" name="TestNestedSuccess/a" time="0.000s"></testcase>
		<testcase classname="good" name="TestNestedSuccess/b/sub" time="0.000s"></testcase>
		<testcase classname="good" name="TestNestedSuccess/b" time="0.000s"></testcase>
		<testcase classname="good" name="TestNestedSuccess/c/sub" time="0.000s"></testcase>
		<testcase classname="good" name="TestNestedSuccess/c" time="0.000s"></testcase>
		<testcase classname="good" name="TestNestedSuccess/d/sub" time="0.000s"></testcase>
		<testcase classname="good" name="TestNestedSuccess/d" time="0.000s"></testcase>
		<testcase classname="good" name="TestNestedSuccess" time="0.000s"></testcase>
		<testcase classname="good" name="TestParallelTheThird" time="0.000s"></testcase>
		<testcase classname="good" name="TestParallelTheSecond" time="0.010s"></testcase>
		<testcase classname="good" name="TestParallelTheFirst" time="0.010s"></testcase>
	</testsuite>
	<testsuite tests="28" failures="4" time="0.020s" name="github.com/gotestyourself/gotestyourself/testjson/internal/stub">
		<properties>
			<property name="go.version" value="go7.7.7"></property>
		</properties>
		<testcase classname="stub" name="TestFailed" time="0.000s">
			<failure message="Failed" type="">=== RUN   TestFailed&#xA;--- FAIL: TestFailed (0.00s)&#xA;&#x9;stub_test.go:34: this failed&#xA;</failure>
		</testcase>
		<testcase classname="stub" name="TestFailedWithStderr" time="0.000s">
			<failure message="Failed" type="">=== RUN   TestFailedWithStderr&#xA;this is stderr&#xA;--- FAIL: TestFailedWithStderr (0.00s)&#xA;&#x9;stub_test.go:43: also failed&#xA;</failure>
		</testcase>
		<testcase classname="stub" name="TestNestedWithFailure/c" time="0.000s">
			<failure message="Failed" type="">=== RUN   TestNestedWithFailure/c&#xA;    --- FAIL: TestNestedWithFailure/c (0.00s)&#xA;    &#x9;stub_test.go:65: failed&#xA;</failure>
		</testcase>
		<testcase classname="stub" name="TestNestedWithFailure" time="0.000s">
			<failure message="Failed" type="">=== RUN   TestNestedWithFailure&#xA;--- FAIL: TestNestedWithFailure (0.00s)&#xA;</failure>
		</testcase>
		<testcase classname="stub" name="TestSkipped" time="0.000s">
			<skipped message="=== RUN   TestSkipped&#xA;--- SKIP: TestSkipped (0.00s)&#xA;&#x9;stub_test.go:26: &#xA;"></skipped>
		</testcase>
		<testcase classname="stub" name="TestSkippedWitLog" time="0.000s">
			<skipped message="=== RUN   TestSkippedWitLog&#xA;--- SKIP: TestSkippedWitLog (0.00s)&#xA;&#x9;stub_test.go:30: the skip message&#xA;"></skipped>
		</testcase>
		<testcase classname="stub" name="TestPassed" time="0.000s"></testcase>
		<testcase classname="stub" name="TestPassedWithLog" time="0.000s"></testcase>
		<testcase classname="stub" name="TestPassedWithStdout" time="0.000s"></testcase>
		<testcase classname="stub" name="TestWithStderr" time="0.000s"></testcase>
		<testcase classname="stub" name="TestNestedWithFailure/a/sub" time="0.000s"></testcase>
		<testcase classname="stub" name="TestNestedWithFailure/a" time="0.000s"></testcase>
		<testcase classname="stub" name="TestNestedWithFailure/b/sub" time="0.000s"></testcase>
		<testcase classname="stub" name="TestNestedWithFailure/b" time="0.000s"></testcase>
		<testcase classname="stub" name="TestNestedWithFailure/d/sub" time="0.000s"></testcase>
		<testcase classname="stub" name="TestNestedWithFailure/d" time="0.000s"></testcase>
		<testcase classname="stub" name="TestNestedSuccess/a/sub" time="0.000s"></testcase>
		<testcase classname="stub" name="TestNestedSuccess/a" time="0.000s"></testcase>
		<testcase classname="stub" name="TestNestedSuccess/b/sub" time="0.000s"></testcase>
		<testcase classname="stub" name="TestNestedSuccess/b" time="0.000s"></testcase>
		<testcase classname="stub" name="TestNestedSuccess/c/sub" time="0.000s"></testcase>
		<testcase classname="stub" name="TestNestedSuccess/c" time="0.000s"></testcase>
		<testcase classname="stub" name="TestNestedSuccess/d/sub" time="0.000s"></testcase>
		<testcase classname="stub" name="TestNestedSuccess/d" time="0.000s"></testcase>
		<testcase classname="stub" name="TestNestedSuccess" time="0.000s"></testcase>
		<testcase classname="stub" name="TestParallelTheThird" time="0.000s"></testcase>
		<testcase classname="stub" name="TestParallelTheSecond" time="0.010s"></testcase>
		<testcase classname="stub" name="TestParallelTheFirst" time="0.010s"></testcase>
	</testsuite>
</testsuites>